******************************************************************************
                  TI ARM Linker PC v20.2.7                     
******************************************************************************
>> Linked Sun Apr 26 17:29:44 2026

OUTPUT FILE NAME:   <blinky.out>
ENTRY POINT SYMBOL: "_c_int00_noinit_noargs"  address: 00000435


MEMORY CONFIGURATION

         name            origin    length      used     unused   attr    fill
----------------------  --------  ---------  --------  --------  ----  --------
  FLASH                 00000000   00100000  00000494  000ffb6c  R  X
  SRAM                  20000000   00040000  00000200  0003fe00  RW X


SEGMENT ALLOCATION MAP

run origin  load origin   length   init length attrs members
----------  ----------- ---------- ----------- ----- -------
00000000    00000000    00000494   00000494    r-x
  00000000    00000000    00000200   00000200    r-- .intvecs
  00000200    00000200    00000294   00000294    r-x .text
20000000    20000000    00000200   00000000    rw-
  20000000    20000000    00000200   00000000    rw- .stack


SECTION ALLOCATION MAP

 output                                  attributes/
section   page    origin      length       input sections
--------  ----  ----------  ----------   ----------------
.intvecs   0    00000000    00000200     
                  00000000    00000200     startup_ccs.obj (.intvecs)

.text      0    00000200    00000294     
                  00000200    0000016c     driverlib.lib : gpio.obj (.text:GPIOPadConfigSet)
                  0000036c    00000068     blinkyAlt.obj (.text)
                  000003d4    00000034     driverlib.lib : sysctl.obj (.text:SysCtlPeripheralEnable)
                  00000408    0000002c                   : gpio.obj (.text:GPIODirModeSet)
                  00000434    0000002c     rtsv7M4_T_le_v4SPD16_eabi.lib : boot_cortex_m.c.obj (.text:_c_int00_noinit_noargs:_c_int00_noinit_noargs)
                  00000460    0000001a     driverlib.lib : gpio.obj (.text:GPIOPinTypeGPIOOutput)
                  0000047a    0000000c     startup_ccs.obj (.text)
                  00000486    00000006     driverlib.lib : gpio.obj (.text:GPIOPinWrite)
                  0000048c    00000004     rtsv7M4_T_le_v4SPD16_eabi.lib : pre_init.c.obj (.text:_system_pre_init)
                  00000490    00000004                                   : exit.c.obj (.text:abort:abort)

.cinit     0    00000000    00000000     UNINITIALIZED

.init_array 
*          0    00000000    00000000     UNINITIALIZED

.stack     0    20000000    00000200     UNINITIALIZED
                  20000000    00000004     rtsv7M4_T_le_v4SPD16_eabi.lib : boot_cortex_m.c.obj (.stack)
                  20000004    000001fc     --HOLE--

__llvm_prf_cnts 
*          0    20000000    00000000     UNINITIALIZED

.binit     0    00000000    00000000     

MODULE SUMMARY

       Module                code   ro data   rw data
       ------                ----   -------   -------
    .\
       startup_ccs.obj       12     512       0      
       blinkyAlt.obj         104    0         0      
    +--+---------------------+------+---------+---------+
       Total:                116    512       0      
                                                     
    C:/ti/TivaWare_C_Series-2.2.0.295/driverlib/ccs/Debug/driverlib.lib
       gpio.obj              440    0         0      
       sysctl.obj            52     0         0      
    +--+---------------------+------+---------+---------+
       Total:                492    0         0      
                                                     
    C:\ti\ccs2050\ccs\tools\compiler\ti-cgt-arm_20.2.7.LTS\lib\rtsv7M4_T_le_v4SPD16_eabi.lib
       boot_cortex_m.c.obj   44     0         0      
       exit.c.obj            4      0         0      
       pre_init.c.obj        4      0         0      
    +--+---------------------+------+---------+---------+
       Total:                52     0         0      
                                                     
       Stack:                0      0         512    
    +--+---------------------+------+---------+---------+
       Grand Total:          660    512       512    


GLOBAL SYMBOLS: SORTED ALPHABETICALLY BY Name 

address   name                   
-------   ----                   
00000491  C$$EXIT                
00000409  GPIODirModeSet         
00000201  GPIOPadConfigSet       
00000461  GPIOPinTypeGPIOOutput  
00000487  GPIOPinWrite           
0000047b  ResetISR               
000003d5  SysCtlPeripheralEnable 
20000200  __STACK_END            
00000200  __STACK_SIZE           
20000200  __STACK_TOP            
ffffffff  __TI_pprof_out_hndl    
ffffffff  __TI_prof_data_size    
ffffffff  __TI_prof_data_start   
00000000  __TI_static_base__     
ffffffff  __binit__              
ffffffff  __c_args__             
UNDEFED   __mpu_init             
20000000  __stack                
20000000  __start___llvm_prf_cnts
20000000  __stop___llvm_prf_cnts 
00000435  _c_int00_noinit_noargs 
0000048d  _system_pre_init       
00000491  abort                  
ffffffff  binit                  
00000000  g_pfnVectors           
0000036d  main                   


GLOBAL SYMBOLS: SORTED BY Symbol Address 

address   name                   
-------   ----                   
00000000  __TI_static_base__     
00000000  g_pfnVectors           
00000200  __STACK_SIZE           
00000201  GPIOPadConfigSet       
0000036d  main                   
000003d5  SysCtlPeripheralEnable 
00000409  GPIODirModeSet         
00000435  _c_int00_noinit_noargs 
00000461  GPIOPinTypeGPIOOutput  
0000047b  ResetISR               
00000487  GPIOPinWrite           
0000048d  _system_pre_init       
00000491  C$$EXIT                
00000491  abort                  
20000000  __stack                
20000000  __start___llvm_prf_cnts
20000000  __stop___llvm_prf_cnts 
20000200  __STACK_END            
20000200  __STACK_TOP            
ffffffff  __TI_pprof_out_hndl    
ffffffff  __TI_prof_data_size    
ffffffff  __TI_prof_data_start   
ffffffff  __binit__              
ffffffff  __c_args__             
ffffffff  binit                  
UNDEFED   __mpu_init             

[26 symbols]
