******************************************************************************
            TI ARM Clang Linker PC v4.0.4                      
******************************************************************************
>> Linked Sat Apr 25 23:44:49 2026

OUTPUT FILE NAME:   <blinky.out>
ENTRY POINT SYMBOL: "_c_int00_noinit_noargs"  address: 000002a1


MEMORY CONFIGURATION

         name            origin    length      used     unused   attr    fill
----------------------  --------  ---------  --------  --------  ----  --------
  FLASH                 00000000   00100000  0000050c  000ffaf4  R  X
  SRAM                  20000000   00040000  00000800  0003f800  RW X


SEGMENT ALLOCATION MAP

run origin  load origin   length   init length attrs members
----------  ----------- ---------- ----------- ----- -------
00000000    00000000    0000050c   0000050c    r-x
  00000000    00000000    0000030c   0000030c    r-x .text
  0000030c    0000030c    00000200   00000200    r-- .rodata
20000000    20000000    00000800   00000000    rw-
  20000000    20000000    00000800   00000000    rw- .stack


SECTION ALLOCATION MAP

 output                                  attributes/
section   page    origin      length       input sections
--------  ----  ----------  ----------   ----------------
.text      0    00000000    0000030c     
                  00000000    0000016c     driverlib.lib : gpio.obj (.text:GPIOPadConfigSet)
                  0000016c    0000009c     blinky.o (.text.main)
                  00000208    00000038     driverlib.lib : sysctl.obj (.text:SysCtlPeripheralReady)
                  00000240    00000034                   : sysctl.obj (.text:SysCtlPeripheralEnable)
                  00000274    0000002c                   : gpio.obj (.text:GPIODirModeSet)
                  000002a0    0000002c     libc.a : boot_cortex_m.c.obj (.text:_c_int00_noinit_noargs)
                  000002cc    0000001a     driverlib.lib : gpio.obj (.text:GPIOPinTypeGPIOOutput)
                  000002e6    00000006     startup_ccs.o (.text.ResetISR)
                  000002ec    00000006     driverlib.lib : gpio.obj (.text:GPIOPinWrite)
                  000002f2    00000006     libc.a : exit.c.obj (.text:abort)
                  000002f8    00000004     startup_ccs.o (.text.FaultISR)
                  000002fc    00000004     libsysbm.a : hostexit.c.obj (.text.HOSTexit)
                  00000300    00000004     startup_ccs.o (.text.IntDefaultHandler)
                  00000304    00000004     startup_ccs.o (.text.NmiSR)
                  00000308    00000004     libc.a : pre_init.c.obj (.text._system_pre_init)

.cinit     0    00000000    00000000     

.init_array 
*          0    00000000    00000000     UNINITIALIZED

.stack     0    20000000    00000800     UNINITIALIZED
                  20000000    00000004     libc.a : boot_cortex_m.c.obj (.stack)
                  20000004    000007fc     --HOLE--

.rodata    0    0000030c    00000200     
                  0000030c    00000200     startup_ccs.o (.rodata.g_pfnVectors)

__llvm_prf_cnts 
*          0    20000000    00000000     UNINITIALIZED

__llvm_prf_bits 
*          0    20000000    00000000     UNINITIALIZED

MODULE SUMMARY

       Module                code   ro data   rw data
       ------                ----   -------   -------
    .\
       startup_ccs.o         18     512       0      
       blinky.o              156    0         0      
    +--+---------------------+------+---------+---------+
       Total:                174    512       0      
                                                     
    C:/ti/TivaWare_C_Series-2.2.0.295/driverlib/ccs/Debug/driverlib.lib
       gpio.obj              440    0         0      
       sysctl.obj            108    0         0      
    +--+---------------------+------+---------+---------+
       Total:                548    0         0      
                                                     
    C:\ti\ccs2050\ccs\tools\compiler\ti-cgt-armllvm_4.0.4.LTS\lib\armv7em-ti-none-eabihf/c/libc.a
       boot_cortex_m.c.obj   44     0         0      
       exit.c.obj            6      0         0      
       pre_init.c.obj        4      0         0      
    +--+---------------------+------+---------+---------+
       Total:                54     0         0      
                                                     
    C:\ti\ccs2050\ccs\tools\compiler\ti-cgt-armllvm_4.0.4.LTS\lib\armv7em-ti-none-eabihf/c/libsysbm.a
       hostexit.c.obj        4      0         0      
    +--+---------------------+------+---------+---------+
       Total:                4      0         0      
                                                     
       Stack:                0      0         2048   
    +--+---------------------+------+---------+---------+
       Grand Total:          780    512       2048   


GLOBAL SYMBOLS: SORTED ALPHABETICALLY BY Name 

address   name                    
-------   ----                    
000002fc  C$$EXIT                 
00000275  GPIODirModeSet          
00000001  GPIOPadConfigSet        
000002cd  GPIOPinTypeGPIOOutput   
000002ed  GPIOPinWrite            
000002fd  HOSTexit                
000002e7  ResetISR                
00000241  SysCtlPeripheralEnable  
00000209  SysCtlPeripheralReady   
20000800  __STACK_END             
00000800  __STACK_SIZE            
20000200  __STACK_TOP             
00000000  __TI_ATRegion0_region_sz
00000000  __TI_ATRegion0_src_addr 
00000000  __TI_ATRegion0_trg_addr 
00000000  __TI_ATRegion1_region_sz
00000000  __TI_ATRegion1_src_addr 
00000000  __TI_ATRegion1_trg_addr 
00000000  __TI_ATRegion2_region_sz
00000000  __TI_ATRegion2_src_addr 
00000000  __TI_ATRegion2_trg_addr 
00000000  __TI_CINIT_Base         
00000000  __TI_CINIT_Limit        
00000000  __TI_CINIT_Warm         
ffffffff  __TI_pprof_out_hndl     
ffffffff  __TI_prof_data_size     
ffffffff  __TI_prof_data_start    
00000000  __TI_static_base__      
ffffffff  __binit__               
UNDEFED   __mpu_init              
20000000  __stack                 
20000000  __start___llvm_prf_bits 
20000000  __start___llvm_prf_cnts 
20000000  __stop___llvm_prf_bits  
20000000  __stop___llvm_prf_cnts  
000002a1  _c_int00_noinit_noargs  
00000309  _system_pre_init        
000002f3  abort                   
ffffffff  binit                   
0000030c  g_pfnVectors            
0000016d  main                    


GLOBAL SYMBOLS: SORTED BY Symbol Address 

address   name                    
-------   ----                    
00000000  __TI_ATRegion0_region_sz
00000000  __TI_ATRegion0_src_addr 
00000000  __TI_ATRegion0_trg_addr 
00000000  __TI_ATRegion1_region_sz
00000000  __TI_ATRegion1_src_addr 
00000000  __TI_ATRegion1_trg_addr 
00000000  __TI_ATRegion2_region_sz
00000000  __TI_ATRegion2_src_addr 
00000000  __TI_ATRegion2_trg_addr 
00000000  __TI_CINIT_Base         
00000000  __TI_CINIT_Limit        
00000000  __TI_CINIT_Warm         
00000000  __TI_static_base__      
00000001  GPIOPadConfigSet        
0000016d  main                    
00000209  SysCtlPeripheralReady   
00000241  SysCtlPeripheralEnable  
00000275  GPIODirModeSet          
000002a1  _c_int00_noinit_noargs  
000002cd  GPIOPinTypeGPIOOutput   
000002e7  ResetISR                
000002ed  GPIOPinWrite            
000002f3  abort                   
000002fc  C$$EXIT                 
000002fd  HOSTexit                
00000309  _system_pre_init        
0000030c  g_pfnVectors            
00000800  __STACK_SIZE            
20000000  __stack                 
20000000  __start___llvm_prf_bits 
20000000  __start___llvm_prf_cnts 
20000000  __stop___llvm_prf_bits  
20000000  __stop___llvm_prf_cnts  
20000200  __STACK_TOP             
20000800  __STACK_END             
ffffffff  __TI_pprof_out_hndl     
ffffffff  __TI_prof_data_size     
ffffffff  __TI_prof_data_start    
ffffffff  __binit__               
ffffffff  binit                   
UNDEFED   __mpu_init              

[41 symbols]
